array (
  'cancelUrl' => 'https://www.tgtje.nl/cms/vstore/checkout/cancel/',
  'returnUrl' => 'https://www.tgtje.nl/cms/vstore/checkout/return/',
  'amount' => 9.98,
  'shippingAmount' => 3.95,
  'currency' => 'EUR',
  'items' => 
  array (
    0 => 
    array (
      'id' => '2',
      'name' => 'VIDEO556',
      'price' => '9.25',
      'description' => 'Hindsight dvd',
      'quantity' => '1',
      'tax_rate' => 0.21,
      'file' => '',
      'vars' => '',
      'item_vars' => '',
    ),
  ),
  'transactionId' => '57cf5a90c88c7a72d112eac12de0253d',
  'clientIp' => '2a02:a44e:70e6:0001:784f:a0a1:8711:a7cb',
  'description' => 'Besteldatumwoensdag, 11 jan., 2023',
  'paymentMethod' => 'giropay',
)